[    0.000000] Initializing cgroup subsys cpuset
[   0.00000]Initializing cgroup subsys cpu
[    0.000000] Initializing cgroup subsys cpuacct
[    0.000000] Linux version 4.4.0-137-generic (buildd@lgw01-amd64-037) (gcc version 5.4.0 20160609 (Ubuntu 5.4.0-6ubuntu1~16.04.10) ) #163-Ubunt SMP Mon Sep 24 13:14:43 UTC 2018 (Ubuntu 4.4.0-137.163-generic 4.4.144)
[    0.000000] Command line: BOOT_IMAGE=/boot/vmlinuz-4.4.0-137-genric root=LABEL=cloudimg-roofs ro console=tty1 console=ttyS0
[    .000000] KERNEL upported cpus:
[    0.000000]   Intel GenuineIntel
[    0.00000]   AMD AuthenticAMD
[    0.000000]   Centaur CentaurHauls
[    0.0000] x8/fpu: xstate_offset[2]:  576, xstate_sizes[2]:  256
[    0.000000] x86/fpu: Supporting XSAVE feature 0x01: 'x87 floating point registers'
[    0.000000] x86/fpu: Supporting XSAVE feature 0x02: 'SSE registers'
[    0.000000] x86/fpu: Supporting XSAVE feature 0x04: 'AVX registers'
[    0.000000] x86/fpu: Enabled xstate features 0x7, context size is 832 bytes, using 'standard' format.
[    0.000000] e820: BIOS-provided physical RAM map:
[    0.000000] BIOS-e820: [mem 0x0000000000000000-0x000000000009fbff] usable
[    0.000000] BIOS-e820: [mem 0x000000000009fc00-0x000000000009ffff] reserved
[    0.000000] BIOS-e820: [mem 0x00000000000f0000-0x00000000000fffff] reserved
[    0.000000] BIOS-e820: [mem 0x0000000000100000-0x000000003ffeffff] usable
[    0.000000] BIO-e820:[mem 0x000000003fff0000-0x00000003fffffff] ACPI data
[    0.000000] BIOS-e820: [mem 0x000000fec000000x0000000fec00fff] reserved
[    0.000000] BIOS-e820: [mem 0x00000000fee00000-0x00000000fee00fff] reserved
[    0.000000] BIOS-e820: [mem 0x00000000fffc0000-000000000fffffff reserved
[    0.000000] NX (Execute Disable) protection: active
[    0.000000] SMBIOS 2.5 present.
[    0.000000] Hypervisor detected: KVM
[    0.000000] e820: last_pfn = 0x3fff0 max_arch_pfn = 0x400000000
[    0.000000] MTRR: Disabled
[    0.000000] x86/PAT: MTRRs disabled, skipping PAT initialization too.
[    0.000000] CPU MTRRs all blank - virtualized system.
[    0.000000] x86/PAT: Configuration [0-7]: WB  WT  UC- UC  WB  WT  UC- UC  
[    0.000000] found SMP MP-table at [mem 00x0009fff0-0x0009ffff] mapped at [ffff88000009fff0]
[    0.000000] Scanning 1 areas for low memory corruption
[    0.000000] RAMDISK: [mem 0x3630e000-0x371fff]
[    0.000000] ACPI: Early table checksum verification disabled
[    0.000000] ACPI: RSDP 0x00000000000E0000 000024 (v02 VBOX  )
[    0.000000] ACPI: XSDT 0x000000003FFF0030 00003C (v01 VBOX   VBOXXSDT 00000001 ASL  00000061)
[    0.000000] ACPI: FACP 0x000000003FFF00F0 0000F4 (v04 VBOX   VBOXFACP 00000001 ASL  00000061)
[    0.00000] ACPI: DSDT 0x000000003FFF0470 0021FF (02 VBOX   VBOXBIOS 00000002 INTL 20100528)
[    0.000000] ACPI: FACS 0x000000003FFF0200 000040
[    0.000000] ACPI: FACS 0x000000003FFF0200 000040
[    0.000000] ACPI: APIC 0x000000003FFF0240 00005C (v02 VBOX   VBOXAPIC 00000001 ASL  00000061)
[    0.000000] ACPI: SSDT 0x000000003FFF02A0 0001CC (v01 VBOX   VBOXCPUT 00000002 INTL 20100528)
[    0.000000] No NUMA configuration found
[    0.000000] Faking a node at [mem 0x0000000000000000-0x000000003ffeffff]
[    0.000000] NODE_DATA(0) allocated [mem 0x3ffeb000-0x3ffeffff]
[    0.000000] kvm-clock: Using msrs 4b564d01 and 4b564d00
[    0.000000] kvm-clock: cpu 0, msr 0:3ffe3001, primary cpu clock
[    0.000000] kvm-clock: using sched offset of 3690112920 cycles
[    0.000000] clocksource: kvm-clock: mask: 0xffffffffffffffff max_cycles: 0x1cd42e4dffb, max_idle_ns: 881590591483 ns
[    0.000000] Zone ranges:
[    0.00000]  DMA      [mem 0x0000000000001000-0x0000000000ffffff]
[    0.000000]  DMA32    [mem 0x0000000001000000-0x000000003ffeffff]
[    0.000000]   Normal   empty
[    0.000000]   Device   emmpty
[    0.000000] Movable zone start for each node
[    0.000000] Early memory node ranges
[    0.000000]   node   0: [mem 0x0000000001000-0x000000000009efff]
[    0.000000]   node   0: [mem 0x0000000000100000-0x000000003ffeffff]
[    0.00000] Intmm ssetup node 0 [mem 0x000000000001000-0x000000003ffeffff]
[    0.000000] ACPI: M-Timer IO Port: 0x4008
[    0.000000] IOAPIC[0]: apic_id 2, version 32, address 0xfec00000, GSI 0-23
[    0.000000] ACPI: INT_SRC_OVR (bus 0 bus_irq 0 global_irq 2 dfl dfl)
[   0.000000] ACPI: INT_SRC_OVR (bus 0 bus_irq 9 global_irq 9 low level)
[    0.00000] Using ACPI (MADT) for SMP configuration information
[    0.00000] smpboot: Allowing 2 CPUs, 0 hotplug CPUs
    0.000000] PM: Registered nosave memory: [mem 0x00000000-0x00000fff]
[    0.000000] PM: Registered nosave memor [mem 0x009f000-0x0009ffff]
[    0.000000] PM: Registered nosave memory: [mem 0x000a0000-0x000effff]
[    0.000000] PM: Registered nosave memory: [mem 0x000f0000-0x000fffff]
[    0.000000] e820: [mem 0x40000000-0xfebfffff] available for PCI devices
[    0.000000] Booting paravirtualized kernel on KVM
[    0.000000] clocksource: refined-jiffies: mask: 0xffffffff max_cycles: 0xffffffff, max_idle_ns: 7645519600211568 ns
[    0.000000] setup_percpu: NR_CPUS:512 nr_cpumask_bits:512 nr_cpu_ids:2 nr_node_ids:1
[    0.000000] PERCPU: Embedded 34 pages/cpu @ffff88003fc00000 s99608 r8192 d31464 u1048576
[    0.000000]  qspinlock hash table entries: 256 order: 0, 4096 bytes)
[    0.000000] Built  zonelists in Nod order, mobility grouping on.  Total pages: 257912
[    0.00000] Policy zone: DMA32
[    0.000000] Kernel command line: BOOT_IMAGE=/boot/vmlinuz-4.4.0-137-generic root=LABEL=cloudimg-rootfs ro console=tty1 console=ttyS0
[    0.000000] PD hah table entries: 096 (order: 3, 3268 bytes)
[    0.000000] Memory: 997716K/1048120K available (8555K kernel code, 1314K rwdata, 4004K rodata, 1528K init, 1316K bss, 50404K reserved, 0K cma-reserved)
[    0.000000]SLUB: HWalign=64, rder=0-3, MinObjects=0, CPUs=2, Nodes=1
[    0.000000] Kernel/User page tables isolation: enabled
[    0.000000] Hierarchical RCU implementation.
[    .000000] Build-tie adjustment of leaf fanout to 64.
[    0.000000] RCU restricting CPUs from NR_CPUS=512 to nr_cpu_ids=2.
[    0.00000] RCU: Adjusting geoetry for rcu_fanout_leaf=64, nr_cpu_ids=2
[    0.000000] NR_IRQS:33024 nr_irqs:440 16
[    0.000000] Cnsole: colour VGA+ 80x25
[    0000000] console [tty1] enabled
[    0.000000] console [ttyS0] enabled
[    0.000000] tsc: Detected 1799.999 MHz processor
[    .383903] Calibrating delay loop (skipped) preset value.. 3599.99 BogoMIPS (lpj=7199996)
[    1.405167] pid_max: default: 32768 minimum: 301
[    1.408404] ACPI: Core revision 20150930
[    1.412373] ACPI: 2 ACPI AML tables successfully acquired and loaded
[    1.424163] Security Framework initialized
[    1.427199] Yama: becoming mindful.
[    1.428592] AppArmor: AppArmor initialized
[    1.431666] Dentry cache hash table entries: 131072 (order: 8, 1048576 bytes)
[    1.444692] Inode-cache hash table entries: 65536 (order: 7, 524288 bytes)
[    1.452719] Mount-cache hash table entries: 2048 (order: 2, 16384 bytes)
[    1.460190] Mountpoint-cache hash table entries: 2048 (order: 2, 16384 bytes)
[    1.464415] Initializing cgroup subsys io
[    1.467685] Initializing cgroup subsys memory
[    1.469319] Initializing cgroup subsys devices
[    1.479350] Initializing cgroup subsys freezer
[    1.487528] Initializing cgroup subsys net_cls
[    1.491407] Initializing cgroup subsys perf_event
[    1.493166] Initializing cgroup subsys net_prio
[    1.503301] Initializing cgroup subsys hugetlb
[    1.505309] Initializing cgroup subsys pids
[    1.515939] mce: CPU supports 0 MCE banks
[    1.523882] Last level iTLB entries: 4KB 64, 2MB 8, 4MB 8
[    1.528349] Last level dTLB entries: 4KB 64, 2MB 0, 4MB 0, 1GB 4
[    1.533238] Spectre V2 : Mitigation: Full generic retpoline
[    1.542932] Spectre V2 : Spectre v2 mitigation: Speculation control IBPB not-supported IBRS not-supported
[    1.555213] Spectre V2 : Spectre v2 / SpectreRSB mitigation: Filling RSB on context switch
[    1.566801] Speculative Store Bypass: Vulnerable
[    1.574595] Freeing SMP alternatives memory: 32K
[    1.590759] ftrace: allocating 32265 entries in 127 pages
[    1.652029] smpboot: APIC(0) Converting physical 0 to logical package 0
[    1.656870] smpboot: Max logical packages: 1
[    1.663789] x2apic enabled
[    1.671061] Switched APIC routing to physical x2apic.
[    1.677126] ..TIMER: vector=0x30 apic1=0 pin1=2 apic2=-1 pin2=-1
[    1.786598] smpboot: CPU0: Intel(R) Core(TM) i5-5350U CPU @ 1.80GHz (family: 0x6, model: 0x3d, stepping: 0x4)
[    1.803142] Performance Events: unsupported p6 CPU model 61 no PMU driver, software events only.
[    1.824136] KVM setup paravirtual spinlock
[    1.832563] x86: Booting SMP configuration:
[    1.835891] .... node  #0, CPUs:      #1
[    1.845103] kvm-clock: cpu 1, msr 0:3ffe3041, secondary cpu clock
[    1.848216] mce: CPU supports 0 MCE banks
[    1.851528] x86: Booted up 1 node, 2 CPUs
[    1.853406] smpboot: Total of 2 processors activated (7199.99 BogoMIPS)
[    1.857645] devtmpfs: initialized
[    1.861611] evm: security.selinux
[    1.863287] evm: security.SMACK64
[    1.871170] evm: security.SMACK64EXEC
[    1.875339] evm: security.SMACK64TRANSMUTE
[    1.879754] evm: security.SMACK64MMAP
[    1.881838] evm: security.ima
[    1.885000] evm: security.capability
[    1.887950] clocksource: jiffies: mask: 0xffffffff max_cycles: 0xffffffff, max_idle_ns: 7645041785100000 ns
[    1.891606] futex hash table entries: 512 (order: 3, 32768 bytes)
[    1.908499] pinctrl core: initialized pinctrl subsystem
[    1.910576] RTC time: 18:12:19, date: 10/17/18
[    1.917490] NET: Registered protocol family 16
[    1.930593] cpuidle: using governor ladder
[    1.946756] cpuidle: using governor menu
[    1.953504] PCCT header not found.
[    1.956738] ACPI: bus type PCI registered
[    1.960875] acpiphp: ACPI Hot Plug PCI Controller Driver version: 0.5
[    1.974614] PCI: Using configuration type 1 for base access
[    1.992635] ACPI: Added _OSI(Module Device)
[    1.998296] ACPI: Added _OSI(Processor Device)
[    1.999980] ACPI: Added _OSI(3.0 _SCP Extensions)
[    2.001747] ACPI: Added _OSI(Processor Aggregator Device)
[    2.007728] ACPI: Executed 1 blocks of module-level executable AML code
[    2.015742] ACPI: Interpreter enabled
[    2.020074] ACPI: (supports S0 S5)
[    2.021436] ACPI: Using IOAPIC for interrupt routing
[    2.023508] PCI: Using host bridge windows from ACPI; if necessary, use "pci=nocrs" and report a bug
[    2.034534] ACPI: PCI Root Bridge [PCI0] (domain 0000 [bus 00-ff])
[    2.038473] acpi PNP0A03:00: _OSC: OS supports [ASPM ClockPM Segments MSI]
[    2.043428] acpi PNP0A03:00: _OSC: not requesting OS control; OS requires [ExtendedConfig ASPM ClockPM MSI]
[    2.049259] acpi PNP0A03:00: fail to add MMCONFIG information, can't access extended PCI configuration space under this bridge.
[    2.062177] PCI host bridge to bus 0000:00
[    2.065483] pci_bus 0000:00: root bus resource [io  0x0000-0x0cf7 window]
[    2.069116] pci_bus 0000:00: root bus resource [io  0x0d00-0xffff window]
[    2.077945] pci_bus 0000:00: root bus resource [mem 0x000a0000-0x000bffff window]
[    2.081143] pci_bus 0000:00: root bus resource [mem 0x40000000-0xfdffffff window]
[    2.095372] pci_bus 0000:00: root bus resource [bus 00-ff]
[    2.106038] pci 0000:00:01.1: legacy IDE quirk: reg 0x10: [io  0x01f0-0x01f7]
[    2.115680] pci 0000:00:01.1: legacy IDE quirk: reg 0x14: [io  0x03f6]
[    2.118353] pci 0000:00:01.1: legacy IDE quirk: reg 0x18: [io  0x0170-0x0177]
[    2.121083] pci 0000:00:01.1: legacy IDE quirk: reg 0x1c: [io  0x0376]
[    2.164334] pci 0000:00:07.0: quirk: [io  0x4000-0x403f] claimed by PIIX4 ACPI
[    2.176024] pci 0000:00:07.0: quirk: [io  0x4100-0x410f] claimed by PIIX4 SMB
[    2.223352] ACPI: PCI Interrupt Link [LNKA] (IRQs 5 9 10 *11)
[    2.240274] ACPI: PCI Interrupt Link [LNKB] (IRQs 5 9 *10 11)
[    2.257772] ACPI: PCI Interrupt Link [LNKC] (IRQs 5 *9 10 11)
[    2.278368] ACPI: PCI Interrupt Link [LNKD] (IRQs 5 9 10 *11)
[    2.297404] ACPI: Enabled 2 GPEs in block 00 to 07
[    2.302582] vgaarb: setting as boot device: PCI:0000:00:02.0
[    2.307328] vgaarb: device added: PCI:0000:00:02.0,decodes=io+mem,owns=io+mem,locks=none
[    2.313585] vgaarb: loaded
[    2.320455] vgaarb: bridge control possible 0000:00:02.0
[    2.324208] SCSI subsystem initialized
[    2.327350] ACPI: bus type USB registered
[    2.329376] usbcore: registered new interface driver usbfs
[    2.334518] usbcore: registered new interface driver hub
[    2.336998] usbcore: registered new device driver usb
[    2.345256] PCI: Using ACPI for IRQ routing
[    2.347764] NetLabel: Initializing
[    2.352495] NetLabel:  domain hash size = 128
[    2.358484] NetLabel:  protocols = UNLABELED CIPSOv4
[    2.363954] NetLabel:  unlabeled traffic allowed by default
[    2.373036] amd_nb: Cannot enumerate AMD northbridges
[    2.377968] clocksource: Switched to clocksource kvm-clock
[    2.392860] AppArmor Apprmor Flesytem nabld
[    2.540961] pnp: PnP ACPI init
[    2.543627] pnp: PnP ACPI: found 3 devices

[    2.558253] clocsource acpipm:mask 0xffffff ma_cyces: 0xffffff, max_idle_ns: 2085701024 ns
[    2.730599] NET: Registered protocol family 2

[    2.732583] TCP established hash ableentries: 8192 (order: 4, 65536 bytes)
[   2.785040] TCP bind hash table entries: 8192 (order: 5, 131072 bytes)
[    2.81997]TCP: Hash tables configured (established 8192 bind 8192)
[    2.861159] DP hash table entries: 512 (order: 2, 16384 bytes)
[    2.888067] UDP-Lite hash table entries: 512 (order: 2, 16384 bytes)
[    2.890302] NET: Registred protocol family 1[    2.94033] pci 0000:00:00.0: Limitingdirect PCI/PCI transfers
[    3.014033 pci 000:00:01.0: Activating ISA DMA hang workarounds
[    3.064955] Unpackig intramfs...

[    341574] Feein initrd memory: 14788K
[    3.513604] RAPL PMU detecte, APIunit is 2^-32 Joules, 4 fixed counters 10737418240 ms ovfl timer
[    3.567317] hw unit of domain pp0-core 2^-0 Joules
[    3.569360] hw unit of domain package 2^-0 Joules

[    3.571293] hw unit of domain dram 2^-0 Joules
[    3.579018] hw unit of domain pp1-gpu 2^-0 Joules
[    3.599035] platform rtc_cmos: registered platform RTC device (no PNP device found)
[    3.02086] Scanning for low memory corruption evry 6 seconds

[    3.677530] audit: initializing netlink subsys (disabled)
[    3.691273] audit: type=2000 audit(1539799945.025:1): initialized
[    3.703700] Initialise system trusted keyring
[    3.714773] HugeTLB registered 2 MB page size, pre-allocated 0 pages
[    3.732570] zbud: loaded
[    3.735566] VFS: Disk quotas dquot_6.6.0
[    3.737079] VFS: Dquot-cache hash table entries: 512 (order 0, 4096 bytes)
[    3.740862] squashfs: version 4.0 (2009/01/31) Phillip Lougher
[    3.752091] fuse init (API version 7.23)
[    3.755945] Key type big_key registered
[    3.758969] Allocating IMA MOK and blacklist keyrings.
[    3.771427] Key type asymmetric registered
[    3.772895] Asymmetric key parser 'x509' registered
[    3.775635] Block layer SCSI generic (bsg) driver version 0.4 loaded (major 249)
[    3.778031] io scheduler noop registered
[    3.779323] io scheduler deadline registered (default)
[    3.781495] io scheduler cfq registered
[    3.787623] pci_hotplug: PCI Hot Plug PCI Core version: 0.5
[    3.795562] pciehp: PCI Express Hot Plug Controller Driver version: 0.4
[    3.804565] ACPI: AC Adapter [AC] (off-line)
[    3.807979] input: Power Button as /devices/LNXSYSTM:00/LNXPWRBN:00/input/input0
[    3.815834] ACPI: Power Button [PWRF]
[    3.827318] input: Sleep Button as /devices/LNXSYSTM:00/LNXSLPBN:00/input/input1
[    3.832294] ACPI: Sleep Button [SLPF]
[    3.838107] GHES: HEST is not enabled!
[    3.839545] ACPI: Battery Slot [BAT0] (battery present)
[    3.852863] Serial: 8250/16550 driver, 32 ports, IRQ sharing enabled
[    3.891048] 00:02: ttyS0 at I/O 0x3f8 (irq = 4, base_baud = 115200) is a 16550A
[    3.901501] Linux agpgart interface v0.103
[    3.906194] loop: module loaded
[    3.908414] scsi host0: ata_piix
[    3.909904] scsi host1: ata_piix
[    3.911133] ata1: PATA max UDMA/33 cmd 0x1f0 ctl 0x3f6 bmdma 0xd000 irq 14
[    3.918663] ata2: PATA max UDMA/33 cmd 0x170 ctl 0x376 bmdma 0xd008 irq 15
[    3.923982] libphy: Fixed MDIO Bus: probed
[    3.935580] tun: Universal TUN/TAP device driver, 1.6
[    3.943568] tun: (C) 1999-2004 Max Krasnyansky <maxk@qualcomm.com>
[    3.948763] PPP generic driver version 2.4.2
[    3.955811] ehci_hcd: USB 2.0 'Enhanced' Host Controller (EHCI) Driver
[    3.960148] ehci-pci: EHCI PCI platform driver
[    3.963925] ehci-platform: EHCI generic platform driver
[    3.967890] ohci_hcd: USB 1.1 'Open' Host Controller (OHCI) Driver
[    3.971297] ohci-pci: OHCI PCI platform driver
[    3.973029] ohci-platform: OHCI generic platform driver
[    3.984873] uhci_hcd: USB Universal Host Controller Interface driver
[    3.987624] i8042: PNP: PS/2 Controller [PNP0303:PS2K,PNP0f03:PS2M] at 0x60,0x64 irq 1,12
[    3.992769] serio: i8042 KBD port at 0x60,0x64 irq 1
[    3.996023] serio: i8042 AUX port at 0x60,0x64 irq 12
[    3.999652] mousedev: PS/2 mouse device common for all mice
[    4.002224] input: AT Translated Set 2 keyboard as /devices/platform/i8042/serio0/input/input2
[    4.010617] rtc_cmos rtc_cmos: rtc core: registered rtc_cmos as rtc0
[    4.010682] rtc_cmos rtc_cmos: alarms up to one day, 114 bytes nvram
[    4.010689] i2c /dev entries driver
[    4.010750] device-mapper: uevent: version 1.0.3
[    4.010807] device-mapper: ioctl: 4.34.0-ioctl (2015-10-28) initialised: dm-devel@redhat.com
[    4.010829] ledtrig-cpu: registered to indicate activity on CPUs
[    4.022708] NET: Registered protocol family 10
[    4.022946] NET: Registered protocol family 17
[    4.022960] Key type dns_resolver registered
[    4.023316] registered taskstats version 1
[    4.023332] Loading compiled-in X.509 certificates
[    4.024147] Loaded X.509 cert 'Build time autogenerated kernel key: 20acc96b50ca7641011eace69d32209215a9b56f'
[    4.024168] zswap: loaded using pool lzo/zbud
[    4.026329] Key type trusted registered
[    4.029818] Key type encrypted registered
[    4.029827] AppArmor: AppArmor sha1 policy hashing enabled
[    4.029830] ima: No TPM chip found, activating TPM-bypass!
[    4.029839] ima: Allocated hash algorithm: sha1
[    4.029857] evm: HMAC attrs: 0x1
[    4.030403]   Magic number: 6:380:241
[    4.037863] rtc_cmos rtc_cmos: setting system clock to 2018-10-17 18:12:21 UTC (1539799941)
[    4.037953] BIOS EDD facility v0.16 2004-Jun-25, 0 devices found
[    4.037954] EDD information not available.
[    4.145625] Freeing unused kernel memory: 1528K
[    4.166460] Write protecting the kernel read-only data: 14336k
[    4.176278] Freeing unused kernel memory: 1672K
[    4.181353] Freeing unused kernel memory: 92K
Loading, please wait...
starting version 229
[    4.208740] random: systemd-udevd: uninitialized urandom read (16 bytes read, 5 bits of entropy available)
[    4.209459] random: udevadm: uninitialized urandom read (16 bytes read, 5 bits of entropy available)
[    4.209484] random: udevadm: uninitialized urandom read (16 bytes read, 5 bits of entropy available)
[    4.218193] random: udevadm: uninitialized urandom read (16 bytes read, 5 bits of entropy available)
[    4.218239] random: udevadm: uninitialized urandom read (16 bytes read, 5 bits of entropy available)
[    4.218380] random: udevadm: uninitialized urandom read (16 bytes read, 5 bits of entropy available)
[    4.218435] random: udevadm: uninitialized urandom read (16 bytes read, 5 bits of entropy available)
[    4.218489] random: udevadm: uninitialized urandom read (16 bytes read, 5 bits of entropy available)
[    4.218542] random: udevadm: uninitialized urandom read (16 bytes read, 5 bits of entropy available)
[    4.218596] random: udevadm: uninitialized urandom read (16 bytes read, 5 bits of entropy available)
[    4.304933] Fusion MPT base driver 3.04.20
[    4.306791] Copyright (c) 1999-2008 LSI Corporation
[    4.308600] e1000: Intel(R) PRO/1000 Network Driver - version 7.3.21-k8-NAPI
[    4.311361] e1000: Copyright (c) 1999-2006 Intel Corporation.
[    4.326231] Fusion MPT SPI Host driver 3.04.20
[    4.337728] AVX2 version of gcm_enc/dec engaged.
[    4.340302] AES CTR mode by8 optimization enabled
[    4.544291] input: ImExPS/2 Generic Explorer Mouse as /devices/platform/i8042/serio1/input/input4
[    4.599095] tsc: Refined TSC clocksource calibration: 1800.440 MHz
[    4.601537] clocksource: tsc: mask: 0xffffffffffffffff max_cycles: 0x19f3c93e4aa, max_idle_ns: 440795276824 ns
[    4.783667] e1000 0000:00:03.0 eth0: (PCI:33MHz:32-bit) 02:28:89:27:00:51
[    5.586152] e1000 0000:00:03.0 eth0: Intel(R) PRO/1000 Network Connection
[    6.037769] e1000 0000:00:08.0 eth1: (PCI:33MHz:32-bit) 08:00:27:1c:1a:47
[    6.250338] e1000 0000:00:08.0 eth1: Intel(R) PRO/1000 Network Connection
[    6.265037] mptbase: ioc0: Initiating bringup
[    6.265556] e1000 0000:00:08.0 enp0s8: renamed from eth1
[    6.282980] e1000 0000:00:03.0 enp0s3: renamed from eth0
[    6.350833] ioc0: LSI53C1030 A0: Capabilities={Initiator}
[    6.518668] scsi host2: ioc0: LSI53C1030 A0, FwRev=00000000h, Ports=1, MaxQ=256, IRQ=20
[    6.635259] scsi 2:0:0:0: Direct-Access     VBOX     HARDDISK         1.0  PQ: 0 ANSI: 5
[    6.650736] scsi target2:0:0: Beginning Domain Validation
[    6.661084] scsi target2:0:0: Domain Validation skipping write tests
[    6.663607] scsi target2:0:0: Ending Domain Validation
[    6.668836] scsi target2:0:0: asynchronous
[    6.671952] scsi 2:0:1:0: Direct-Access     VBOX     HARDDISK         1.0  PQ: 0 ANSI: 5
[    6.675993] scsi target2:0:1: Beginning Domain Validation
[    6.680128] scsi target2:0:1: Domain Validation skipping write tests
[    6.682930] scsi target2:0:1: Ending Domain Validation
[    7.301545] scsi target2:0:1: asynchronous
[    7.518382] sd 2:0:0:0: [sda] 20971520 512-byte logical blocks: (10.7 GB/10.0 GiB)
[    7.518532] sd 2:0:0:0: Attached scsi generic sg0 type 0
[    7.522766] sd 2:0:0:0: [sda] Write Protect is off
[    7.522993] sd 2:0:1:0: Attached scsi generic sg1 type 0
[    7.526127] sd 2:0:1:0: [sdb] 20480 512-byte logical blocks: (10.5 MB/10.0 MiB)
[    7.526666] sd 2:0:0:0: [sda] Incomplete mode parameter data
[    7.526669] sd 2:0:0:0: [sda] Assuming drive cache: write through
[    7.529080]  sda: sda1
[    7.530499] sd 2:0:0:0: [sda] Attached SCSI disk
[    7.540175] sd 2:0:1:0: [sdb] Write Protect is off
[    7.550022] sd 2:0:1:0: [sdb] Incomplete mode parameter data
[    7.559031] sd 2:0:1:0: [sdb] Assuming drive cache: write through
[    7.570294] sd 2:0:1:0: [sdb] Attached SCSI disk
Begin: Loading essential drivers ... [    8.951946] md: linear personality registered for level -1
[    8.956900] md: multipath personality registered for level -4
[    8.962390] md: raid0 personality registered for level 0
[    8.981011] md: raid1 personality registered for level 1
[    9.062432] raid6: sse2x1   gen()  4288 MB/s
[    9.138564] raid6: sse2x1   xor()  6597 MB/s
[    9.206679] raid6: sse2x2   gen() 10833 MB/s
[    9.285026] raid6: sse2x2   xor()  7561 MB/s
[    9.354684] raid6: sse2x4   gen() 12632 MB/s
[    9.426141] raid6: sse2x4   xor()  8466 MB/s
[    9.494110] raid6: avx2x1   gen() 17136 MB/s
[    9.562491] raid6: avx2x2   gen() 19916 MB/s
[    9.642183] raid6: avx2x4   gen() 22358 MB/s
[    9.646431] raid6: using algorithm avx2x4 gen() 22358 MB/s
[    9.657790] raid6: using avx2x2 recovery algorithm
[    9.664298] xor: automatically using best checksumming function:
[    9.710196]    avx       : 25271.000 MB/sec
[    9.716865] async_tx: api initialized (async)
[    9.727469] md: raid6 personality registered for level 6
[    9.729651] md: raid5 personality registered for level 5
[    9.735789] md: raid4 personality registered for level 4
[    9.744318] md: raid10 personality registered for level 10
done.
Begin: Running /scripts/init-premount ... done.
Begin: Mounting root file system ... Begin: Running /scripts/local-top ... done.
Begin: Running /scripts/local-premount ... [    9.785355] Btrfs loaded
Scanning for Btrfs filesystems
done.
Warning: fsck not present, so skipping root file system
[    9.854707] EXT4-fs (sda1): mounted filesystem with ordered data mode. Opts: (null)
done.
Begin: Running /scripts/local-bottom ... done.
Begin: Running /scripts/init-bottom ... done.
[    9.970689] systemd[1]: systemd 229 running in system mode. (+PAM +AUDIT +SELINUX +IMA +APPARMOR +SMACK +SYSVINIT +UTMP +LIBCRYPTSETUP +GCRYPT +GNUTLS +ACL +XZ -LZ4 +SECCOMP +BLKID +ELFUTILS +KMOD -IDN)
[    9.978044] systemd[1]: Detected virtualization oracle.
[    9.980339] systemd[1]: Detected architecture x86-64.

Welcome to [1mUbuntu 16.04.5 LTS[0m!

[    9.988141] systemd[1]: Set hostname to <ubuntu>.
[    9.998874] systemd[1]: Initializing machine ID from random generator.
[   10.001237] systemd[1]: Installed transient /etc/machine-id file.
[   10.207972] systemd[1]: Set up automount Arbitrary Executable File Formats File System Automount Point.
[[0;32m  OK  [0m] Set up automount Arbitrary Executab...ats File System Automount Point.
[   10.259512] systemd[1]: Created slice System Slice.
[[0;32m  OK  [0m] Created slice System Slice.
[   10.266377] systemd[1]: Started Forward Password Requests to Wall Directory Watch.
[[0;32m  OK  [0m] Started Forward Password Requests to Wall Directory Watch.
[   10.298957] systemd[1]: Listening on Journal Socket.
[[0;32m  OK  [0m] Listening on Journal Socket.
[   10.334785] systemd[1]: Starting Load Kernel Modules...
         Starting Load Kernel Mo[   10.343778] Loading iSCSI transport class v2.0-870.
dules...
[   10.353266] iscsi: registered transport (tcp)
[   10.359996] systemd[1]: Starting Create list of required static device nodes for the current kernel...
         Starting Create list of required st... nodes for the current kernel...
[   10.379227] systemd[1]: Mounting Huge Pages File System...
         Mounting Huge Pages File System...
[   10.390867] systemd[1]: Listening on Syslog Socket.
[[0;32m  OK  [0m] Listening on Syslog Socket.
[   10.395825] systemd[1]: Listening on LVM2 metadata daemon socket.
[[0;32m  OK  [0m] Listening on LVM2 metadata daemon socket.
[   10.408822] systemd[1]: Listening on LVM2 poll daemon socket.
[[0;32m  OK  [0m] Listening on LVM2 poll daemon socket.
[   10.418739] iscsi: registered transport (iser)
[   10.420323] systemd[1]: Listening on Journal Socket (/dev/log).
[[0;32m  OK  [0m] Listening on Journal Socket (/dev/log).
[   10.43351] systemd[1]: istening on /dev/initctl Compaibility Named Pipe.

[[0;32m  OK  [0m] Listening on /dev/initctl Compatibility Named Pipe.
[   10.582508] systemd[1]: Starting Nameserver information manager...
         Starting Nameserver information manager...
[   10.589284] systemd[1]: Starting Remount Root and Kernel File Systems...
         [   10.597257] EXT4-fs (sda1): re-mounted. Opts: (null)
Starting Remount Root and Kernel File Systems...
[   10.610718] systemd[1]: Starting Uncomplicated firewall...
         Starting Uncomplicated firewall...
[   10.627660] systemd[1]: Created slice User and Session Slice.
[[0;32m  OK  [0m] Created slice User and Session Slice.
[   10.655124] systemd[1]: Reaced target Swa.

[[0;32m  OK  [0m] Reached target Swap.
[  10.72756] sstemd[1]: Reached target Enrypted Volumes.

[[0;32m  OK  [0m] Reached target Encrypted Volumes.
[  10.843493] systemd1]: Listningon Journal udit Socket.

[[0;32m  OK  [0m] Listening on Journal Audit Socket.
[   10982958] systemd[1]: Listening on udev Kernel Socket.
[[0;32m  OK  [0m] Listening on udev Kernel Socket.
[  11.38850] system[1]: Listening on udev Control Socket.
[[0;32m  OK  [0m] Listening on udev Control Socket.
[   11.170738] systemd[1]: Starting Journal Service...
[   11.175490] random: nonblocking pool is initialized
         Starting Journal Service...
[   11.183533] systemd[1]: Mounting Debug File System...
         Mounting Debug File System...
[   11.197433] systemd[1]: Created slice system-serial\x2dgetty.slice.
[[0;32m  OK  [0m] Created slice system-serial\x2dgetty.slice.
[   11.214732] systmd[1]: Listening on Device-mapper event daemon FIFOs.

[[0;32m  OK  [0m] Listening on Device-mapper event daemon FIFOs.
[   11.258379] systemd[1]: Starting Monitoring of LVM2 mirrors, snapshots etc. using dmeventd or progress polling...
         Starting Monitoring of LVM2 mirrors... dmeventd or progress polling...
[   11.296393] systemd[1]: Reached target System Time Synchronized.
[[0;32m  OK  [0m] Reached target System Time Synchronized.
[   11.326400] systemd[1]: Mounting POSIX Message Queue File System...
         Mounting POSIX Message Queue File System...
[   11.354734] systemd[1]: Reached target Userand Group NameLookups.
[[0;32m  OK  [0m] Reached target User and Group Name Lookups.
[  11.557825] systemd[1]: Started Trigger resolvconf update for networkd DNS.
[[0;32m  OK  [0m] Started Trigger resolvconf update for networkd DNS.
[   11.634829] systemd[1]: Starting Set console keymap...
         Starting Set console keymap...
[   11.644622] systemd[1]: Reached target Slices.
[[0;32m  OK  [0m] Reached target Slices.
[   11.651539] systemd[1]: Mounted Debug File System.
[[0;32m  OK  [0m] Mounted Debug File System.
[   11.656026] systemd[1]: Mounted POSIX Message Queue File System.
[[0;32m  OK  [0m] Mounted POSIX Message Queue File System.
[   11.662186] systemd[1]: Mounted Huge Pages File System.
[[0;32m  OK  [0m] Mounted Huge Pages File System.
[   11.681121] systemd[1]: Started Journal Service.
[[0;32m  OK  [0m] Started Journal Service.
[[0;32m  OK  [0m] Started Load Kernel Modules.
[[0;32m  OK  [0m] Started Create list of required sta...ce nodes for the current kernel.
[[0;32m  OK  [0m] Started Remount Root and Kernel File Systems.
[[0;32m  OK  [0m] Started Uncomplicated firewall.
[[0;32m  OK  [0m] Started Set console keymap.
[[0;32m  OK  [0m] Started Nameserver information manager.
[[0;32m  OK  [0m] Started LVM2 metadata daemon.
         Starting udev Coldplug all Devices...
         Starting Load/Save Random Seed...
         Starting Create Static Device Nodes in /dev...
         Starting Apply Kernel Variables...
         Mounting FUSE Control File System...
         Starting Flush Journal to Persistent Storage...
[[0;32m  OK  [0m] Mounted FUSE Control File System.
[[0;32m  OK  [0m] Started Load/Save Random Seed.
[[0;32m  OK  [0m] Started Create Static Device Nodes in /dev.
[[0;32m  OK  [0m] Started Apply Kernel Variables.
[[0;32m  OK  [0m] Started udev Coldplug all Devices.
[[0;32m  OK  [0m] Started Flush Journal to Persistent Storage.
         Starting udev Kernel Device Manager...
[[0;32m  OK  [0m] Started udev Kernel Device Manager.
[[0;32m  OK  [0m] Started Dispatch Password Requests to Console Directory Watch.
[[0;32m  OK  [0m] Started Monitoring of LVM2 mirrors,...ng dmeventd or progress polling.
[[0;32m  OK  [0m] Reached target Local File Systems (Pre).
[[0;32m  OK  [0m] Reached target Local File Systems.
         Starting LSB: AppArmor initialization...
         Starting Set console font and keymap...
         Starting Create Volatile Files and Directories...
         Starting Tell Plymouth To Write Out Runtime Data...
         Starting Initial cloud-init job (pre-networking)...
         Starting Commit a transient machine-id on disk...
[[0;32m  OK  [0m] Started Create Volatile Files and Directories.
[[0;32m  OK  [0m] Started Tell Plymouth To Write Out Runtime Data.
[[0;32m  OK  [0m] Started Commit a transient machine-id on disk.
[[0;32m  OK  [0m] Found device /dev/ttyS0.
[[0;32m  OK  [0m] Listening on Load/Save RF Kill Switch Status /dev/rfkill Watch.
         Starting Update UTMP about System Boot/Shutdown...
[[0;32m  OK  [0m] Started Update UTMP about System Boot/Shutdown.
[   12.078386] cloud-init[500]: Cloud-init v. 18.3-9-g2e62cb8a-0ubuntu1~16.04.2 running 'init-local' at Wed, 17 Oct 2018 18:12:30 +0000. Up 11.42 seconds.
[[0;32m  OK  [0m] Started LSB: AppArmor initialization.
[[0;32m  OK  [0m] Started Initial cloud-init job (pre-networking).
[[0;32m  OK  [0m] Reached target Network (Pre).
         Starting Raise network interfaces...
[[0;32m  OK  [0m] Started Set console font and keymap.
[[0;32m  OK  [0m] Created slice system-getty.slice.
[[0;32m  OK  [0m] Started Raise network interfaces.
[[0;32m  OK  [0m] Reached target Network.
         Starting Initial cloud-init job (metadata service crawler)...
[   13.919800] cloud-init[934]: Cloud-init v. 18.3-9-g2e62cb8a-0ubuntu1~16.04.2 running 'init' at Wed, 17 Oct 2018 18:12:32 +0000. Up 12.93 seconds.
[   13.934313] cloud-init[934]: ci-info: +++++++++++++++++++++++++++++++++++++Net device info++++++++++++++++++++++++++++++++++++++
[   13.939341] cloud-init[934]: ci-info: +--------+-------+--------------------------+---------------+--------+-------------------+
[   13.964590] cloud-init[934]: ci-info: | Device |   Up  |         Address          |      Mask     | Scope  |     Hw-Address    |
[   13.969707] cloud-init[934]: ci-info: +--------+-------+--------------------------+---------------+--------+-------------------+
[   13.981323] cloud-init[934]: ci-info: | enp0s3 |  True |        10.0.2.15         | 255.255.255.0 | global | 02:28:89:27:00:51 |
[   13.991297] cloud-init[934]: ci-info: | enp0s3 |  True | fe80::28:89ff:fe27:51/64 |       .       |  link  | 02:28:89:27:00:51 |
[   13.998891] cloud-init[934]: ci-info: | enp0s8 | False |            .             |       .       |   .    | 08:00:27:1c:1a:47 |
[[0;32m  OK  [0m] Started Initial cloud-init job (metadata service crawler).
[[0;32m  OK  [0m] Reached target Cloud-config availability.
[[0;32m  OK  [0m] Reached target Network is Online.
[   14.035700] cloud-init[934]: ci-info: |   lo   |  True |        127.0.0.1         |   255.0.0.0   |  host  |         .         |
[   14.104612]          Starting iSCSI initiator daemon (iscsid)...
[[0;32m  OK  [0m] Reached target System Initialization.
cloud-init         [934]: Starting LXD - unix socket.ci-info: |   lo   |  True |         ::1/128          |       .       |  host  |         .         |

[   14.121321] [[0;32m  OK  [0m] Listening on ACPID Listen Socket.
         Starting Socket activation for snappy daemon.
[[0;32m  OK  [0m] Started Daily apt download activities.
cloud-init[934]: ci-info: +--------+-------+--------------------------+---------------+--------+-------------------+
[   14.143007] cloud-init[934]: ci-info: +++++++++++++++++++++++++++Route IPv4 info++++++++++++++++++++++++++++
[[0;32m  OK  [0m] Listening on UUID daemon activation socket.
[   14.144626] cloud-init[934]: ci-info: +-------+-------------+----------+---------------+-----------+-------+
[[0;32m  OK  [0m] Started Daily Cleanup of Temporary Directories.
[   14.174582] cloud-init[934]: ci-info: | Route | Destination | Gateway  |    Genmask    | Interface | Flags |
[[0;32m  OK  [0m] Started ACPI Events Check.
[[0;32m  OK  [0m] Reached target Paths.
[[   14.202946] [0;32m  OK  [0mcloud-init] [934]: Listening on D-Bus System Message Bus Socket.ci-info: +-------+-------------+----------+---------------+-----------+-------+

[   14.333121] [[0;32m  OK  [0m] Started Daily apt upgrade and clean activities.
[[0;32m  OK  [0m] Reached target Timers.
cloud-init[934]: ci-info: |   0   |   0.0.0.0   | 10.0.2.2 |    0.0.0.0    |   enp0s3  |   UG  |
[   14.377373] [[0;32m  OK  [0m] Listening on LXD - unix socket.
[[0;32m  OK  [0m] Listening on Socket activation for snappy daemon.
[[0;32m  OK  [0m] Started iSCSI initiator daemon (iscsid).
cloud-init[934]: ci-info: |   1   |   10.0.2.0  | 0.0.0.0  | 255.255.255.0 |   enp0s3  |   U   |
[   14.384260] cloud-init[934]: ci-info: +-------+-------------+----------+---------------+-----------+-------+
[   14.419227] cloud-init[934]: ci-info: +++++++++++++++++++Route IPv6 info+++++++++++++++++++
[   14.425068] cloud-init[934]: ci-info: +-------+-------------+---------+-----------+-------+
[   14.439794]          Starting Login to default iSCSI targets...
[[0;32m  OK  [0m] Reached target Sockets.
cloud-init[934]: ci-info: | Route | Destination | Gateway | Interface | Flags |
[   14.448735] [[0;32m  OK  [0m] Reached target Basic System.
         Starting Login Service...
         Starting Virtualbox guest utils...
[[0;32m  OK  [0m] Started Deferred execution scheduler.
cloud-init[934]: ci-info: +-------+-------------+---------+-----------+-------+
[[0;32m  OK  [0m] Started Unattended Upgrades Shutdown.
[   14.461442] [[0;32m  OK  [0m] Started D-Bus System Message Bus.
cloud-init[934]: ci-info: |   0   |  fe80::/64  |    ::   |   enp0s3  |   U   |
[   14.488921] cloud-init[934]: ci-info: |   3   |   ff00::/8  |    ::   |   enp0s3  |   U   |
[   14.505051]          Starting System Logging Service...
cloud-init[[0;32m  OK  [0m] Started ACPI event daemon.
         Starting LSB: MD monitoring daemon...
         Starting /etc/rc.local Compatibility...
         Starting Accounts Service...
[934]:          Starting LXD - container startup/shutdown...
[[0;32m  OK  [0m] Started FUSE filesystem for LXC.
         Starting Pollinate to seed the pseudo random number generator...
         Starting Snappy daemon...
         Starting LSB: Record successful boot for GRUB...
ci-info: +-------+-------------+---------+-----------+-------+
[[0;32m  OK  [0m] Started Regular background program processing daemon.
[[0;32m  OK  [0m] Started /etc/rc.local Compatibility.
[   14.571729] cloud-init[934]: Generating public/private rsa key pair.
[   14.605501] [[0;32m  OK  [0m] Started System Logging Service.
cloud-init[934]: Your identification has been saved in /etc/ssh/ssh_host_rsa_key.
[   14.631180] cloud-init[934]: Your public key has been saved in /etc/ssh/ssh_host_rsa_key.pub.
[   14.657203] cloud-init[934]: The key fingerprint is:
[   14.669710] cloud-init[934]: SHA256:9NYgi3wr45QkVnqJ/ROUNFBihZPmQPKfyGzOuYLuy8o root@ubuntu-xenial
[   14.684511] cloud-init[934]: The key's randomart image is:
[   14.693484] cloud-init[934]: +---[RSA 2048]----+
[[0;32m  OK  [0m] Started Login to default iSCSI targets.
[   14.705181] cloud-init[934]: |  ... +*=        |
[   14.726160] cloud-init[934]: |   o..=o o       |
[   14.733369] cloud-init[934]: |    .+..= .      |
[[0;32m  OK  [0m] Started LSB: MD monitoring daemon.
[   14.749573] cloud-init[934]: |   o O.* + o     |
[[0;32m  OK  [0m] Started Login Service.
[   14.761987] cloud-init[934]: |    X X S o .    |
[   14.766400] cloud-init[934]: |   = = + +       |
[   14.769899]          Starting Authenticate and Authorize Users to Run Privileged Tasks...
[[0;32m  OK  [0m] Reached target Remote File Systems (Pre).
cloud-init[934]: | .  + = +        |
[[0;32m  OK  [0m] Reached target Remote File Systems.
         Starting Permit User Sessions...
         Starting LSB: Set the CPU Frequency Scaling governor to "ondemand"...
         Starting LSB: automatic crash report generation...
         Starting LSB: daemon to balance interrupts for SMP systems...
[[0;32m  OK  [0m] Started LSB: Record successful boot for GRUB.
[[0;32m  OK  [0m] Started Permit User Sessions.
[   14.797375] cloud-init[934]: |+ .  + o .       |
[   14.846501] [[0;32m  OK  [0m] Started LXD - container startup/shutdown.
cloud-init[[0;32m  OK  [0m] Started Authenticate and Authorize Users to Run Privileged Tasks.
[934]: |=E... .          |
[   14.861962] cloud-init[934]: +----[SHA256]-----+
         Starting Terminate Plymouth Boot Screen...
         Starting Hold until boot process finishes up...
[[0;32m  OK  [0m[   14.920527] cloud-init[934]: Generating public/private dsa key pair.
[   14.923043] cloud-init[934]: Your identification has been saved in /etc/ssh/ssh_host_dsa_key.
[   14.923803] cloud-init[934]: Your public key has been saved in /etc/ssh/ssh_host_dsa_key.pub.
[   14.923856] cloud-init[934]: The key fingerprint is:
[   14.923899] cloud-init[934]: SHA256:JOzwEpSkVhzsDwjjpjla3bZZoALy/R5gnk1+JH+HRSk root@ubuntu-xenial
[   14.923947] cloud-init[934]: The key's randomart image is:
[   14.923986] cloud-init[934]: +---[DSA 1024]----+
[   14.924028] cloud-init[934]: |   +=o           |
[   14.924067] cloud-init[934]: |o  ++.       .   |
[   14.924105] cloud-init[934]: |.oooo o . E o    |
[   14.924142] cloud-init[934]: |o+. o=.o   o     |
[   14.924179] cloud-init[934]: |++ o+==.S   .    |
] Started Virtualbox guest utils.
[[0;32m  OK  [0m] Started LSB: Set the CPU Frequency Scaling governor to "ondemand".
[   14.924781] [[0;32m  OK  [0m] Started Terminate Plymouth Boot Screen.
[[0;32m  OK  [0m] Started Hold until boot process finishes up.
[[0;32m  OK  [0m] Started Accounts Service.
cloud-init[934]: |+ +o+B++.  o     |
[   15.008770] cloud-init         Starting Set console scheme...
[[0;32m  OK  [0m] Started Getty on tty1.
[[0;32m  OK  [0m] Started Serial Getty on ttyS0.
[[0;32m  OK  [0m] Reached target Login Prompts.
[[0;32m  OK  [0m] Started LSB: automatic crash report generation.
[[0;32m  OK  [0m] Started LSB: daemon to balance interrupts for SMP systems.
[934]: |.o .oo++o o .    |
[[0;32m  OK  [0m] Started Set console scheme.
[   15.031203] cloud-init[934]: |.     +o . .     |
[[0;32m  OK  [0m] Started Snappy daemon.
[   15.054038] cloud-init[934]: |     ..          |
[   15.073298] cloud-init[934]: +----[SHA256]-----+
[   15.075820] cloud-init[934]: Generating public/private ecdsa key pair.
         Starting Wait until snapd is fully seeded...
[   15.084341] cloud-init[934]: Your identification has been saved in /etc/ssh/ssh_host_ecdsa_key.
[   15.093092] cloud-init[934]: Your public key has been saved in /etc/ssh/ssh_host_ecdsa_key.pub.
[   15.100268] cloud-init[934]: The key fingerprint is:
[   15.107506] cloud-init[934]: SHA256:TcP/kfOFRq/YDovU42cSyGY4vp7RmOwBw3KjMthUgJY root@ubuntu-xenial
[   15.118338] cloud-init[934]: The key's randomart image is:
[   15.129290] cloud-init[934]: +---[ECDSA 256]---+
[   15.138064] cloud-init[934]: | .o              |
[   15.141622] cloud-init[934]: |.E .     .       |
[[0;32m  OK  [0m] Started Pollinate to seed the pseudo random number generator.
[   15.150780] cloud-init[934]: |.   .     +   .  |
[   15.157767] cloud-init[934]: |   . .   o o . + |
[   15.160766] cloud-init[934]: |  . . * So... * o|
         Starting OpenBSD Secure Shell server...
[   15.174804] cloud-init[934]: | +   + =o+=..= =.|
[[0;32m  OK  [0m] Started OpenBSD Secure Shell server.
[   15.202266] cloud-init[934]: |. + .  .*+o =.+ .|
[   15.261179] cloud-init[934]: |   o   ..= o.=o  |
[   15.275550] cloud-init[934]: |       .=.. o+.  |
[   15.279855] cloud-init[934]: +----[SHA256]-----+
[   15.283836] cloud-init[934]: Generating public/private ed25519 key pair.
[   15.298809] cloud-init[934]: Your identification has been saved in /etc/ssh/ssh_host_ed25519_key.
[   15.316673] cloud-init[934]: Your public key has been saved in /etc/ssh/ssh_host_ed25519_key.pub.
[   15.326191] cloud-init[934]: The key fingerprint is:
[   15.343400] cloud-init[934]: SHA256:AnczG8KSLem98K+uJa3HSMn7xHCzfd7cLUdITw9gJRY root@ubuntu-xenial
[   15.374068] cloud-init[934]: The key's randomart image is:
[   15.385579] cloud-init[934]: +--[ED25519 256]--+
[   15.394281] cloud-init[934]: |            Eo.  |
[   15.407960] cloud-init[934]: |     =     .o.   |
[   15.411746] cloud-init[934]: |    * = =  . .   |
[   15.414207] cloud-init[934]: |   . * o =    o .|
[   15.416762] cloud-init[934]: |   .+.= S    . =.|
[   15.445322] cloud-init[934]: |    +B *      . +|
[   15.464964] cloud-init[934]: |   ..+O . .    . |
[   15.477220] cloud-init[934]: |    o=o. o o ....|
[   15.479950] cloud-init[934]: |    o=+.. . o .o.|
[   15.505433] cloud-init[934]: +----[SHA256]-----+
[[0;32m  OK  [0m] Started Wait until snapd is fully seeded.
         Starting Apply the settings specified in cloud-config...
[[0;32m  OK  [0m] Reached target Multi-User System.
[[0;32m  OK  [0m] Reached target Graphical Interface.
         Starting Update UTMP about System Runlevel Changes...
[[0;32m  OK  [0m] Started Update UTMP about System Runlevel Changes.
[   16.645370] cloud-init[1266]: Generating locales (this might take a while)...
[   17.421500] cloud-init[1266]:   en_US.UTF-8... done
[   17.432556] cloud-init[1266]: Generation complete.
[   17.793815] cloud-init[1266]: Cloud-init v. 18.3-9-g2e62cb8a-0ubuntu1~16.04.2 running 'modules:config' at Wed, 17 Oct 2018 18:12:35 +0000. Up 16.45 seconds.
[[0;32m  OK  [0m] Started Apply the settings specified in cloud-config.
         Starting Execute cloud user/final scripts...
[[0;32m  OK  [0m] Created slice User Slice of vagrant.
         Starting User Manager for UID 1000...
[[0;32m  OK  [0m] Started Session 1 of user vagrant.
[[0;32m  OK  [0m] Started User Manager for UID 1000.
ci-info: no authorized ssh keys fingerprints found for user ubuntu.
<14>Oct 17 18:12:37 ec2: 
<14>Oct 17 18:12:37 ec2: #############################################################
<14>Oct 17 18:12:37 ec2: -----BEGIN SSH HOST KEY FINGERPRINTS-----
<14>Oct 17 18:12:37 ec2: 1024 SHA256:JOzwEpSkVhzsDwjjpjla3bZZoALy/R5gnk1+JH+HRSk root@ubuntu-xenial (DSA)
<14>Oct 17 18:12:37 ec2: 256 SHA256:TcP/kfOFRq/YDovU42cSyGY4vp7RmOwBw3KjMthUgJY root@ubuntu-xenial (ECDSA)
<14>Oct 17 18:12:37 ec2: 256 SHA256:AnczG8KSLem98K+uJa3HSMn7xHCzfd7cLUdITw9gJRY root@ubuntu-xenial (ED25519)
<14>Oct 17 18:12:37 ec2: 2048 SHA256:9NYgi3wr45QkVnqJ/ROUNFBihZPmQPKfyGzOuYLuy8o root@ubuntu-xenial (RSA)
<14>Oct 17 18:12:37 ec2: -----END SSH HOST KEY FINGERPRINTS-----
<14>Oct 17 18:12:37 ec2: #############################################################
-----BEGIN SSH HOST KEY KEYS-----
ecdsa-sha2-nistp256 AAAAE2VjZHNhLXNoYTItbmlzdHAyNTYAAAAIbmlzdHAyNTYAAABBBLi4T0vUONhE9+Yq+HP8PD9dS3j7BjUdzlCX+peP7j4ZPRUT8Yzvw+MCMIrPJ+wLYR8PjNgD19/X3MtVKyn64oc= root@ubuntu-xenial
ssh-ed25519 AAAAC3NzaC1lZDI1NTE5AAAAIJI8dHq3tGaihchoKp4l5Y2LEFJJOQoNdnpF9Zp4n09H root@ubuntu-xenial
ssh-rsa AAAAB3NzaC1yc2EAAAADAQABAAABAQDN3J93ZpbaV1+t9XclS/XaArwVgALdn9dJNsJaqy202nrq7/iB2DK26TcyjoG988AiJsThnPS0LZz5VdIQfonAnLOKe6dpfMAdTDn+OODcz8jtVDue4SZlWQhzwC5QuxMvRk3QOhMq6IJoD8lkcNA03AUvwCfbssR3Cpk4F8lXYgeouy1DhjpUT6G+E+7ZAyRTpoEBqktmIVZokEJKgTlgV8yOUtgIVb74hARSVqMNxhCGg/UDpaNi9ygAkSS14/Nt1XIgvKM0YgQsWaYrjpVrkkecSPypILKiz3bongHDIWODnyvw9hFwIaaM6M0P6eK+gKVMQ5sTKqnX4p3knv0/ root@ubuntu-xenial
-----END SSH HOST KEY KEYS-----
[   18.593547] cloud-init[1310]: Cloud-init v. 18.3-9-g2e62cb8a-0ubuntu1~16.04.2 running 'modules:final' at Wed, 17 Oct 2018 18:12:37 +0000. Up 18.13 seconds.
[   18.640774] cloud-init[1310]: ci-info: no authorized ssh keys fingerprints found for user ubuntu.
[[0;32m  OK  [0m] Started Execute cloud user/final scripts.
[   18.732779] cloud-init[1310]: Cloud-init v. 18.3-9-g2e62cb8a-0ubuntu1~16.04.2 finished at Wed, 17 Oct 2018 18:12:37 +0000. Datasource DataSourceNoCloud [seed=/dev/sdb][dsmode=net].  Up 18.57 seconds
[[0;32m  OK  [0m] Reached target Cloud-init target.

Ubuntu 16.04.5 LTS ubuntu-xenial ttyS0

ubuntu-xenial login: 